
There are no discarded input sections

Memory Configuration

Name             Origin             Length             Attributes
FLASH            0x08000000         0x00010000         xr
SRAM             0x20000000         0x00005000         xrw
*default*        0x00000000         0xffffffff

Linker script and memory map

LOAD startup.o
LOAD main.o
LOAD Stm32_F103C6_GPIO.o
LOAD lcd.o

.text           0x08000000      0xf74
 *(.isr_vector)
 .isr_vector    0x08000000      0x1c4 startup.o
                0x08000000                Vectors
 *(.rodata)
 .rodata        0x080001c4       0x7f main.o
 *(.text)
 *fill*         0x08000243        0x1 
 .text          0x08000244       0x70 startup.o
                0x08000244                RTC_Alarm_IRQHandler
                0x08000244                EXTI2_IRQHandler
                0x08000244                TIM8_CC_IRQHandler
                0x08000244                DebugMon_Handler
                0x08000244                FMPI2C1_EV_IRQHandler
                0x08000244                SPI4_IRQHandler
                0x08000244                TIM1_CC_IRQHandler
                0x08000244                DMA2_Stream5_IRQHandler
                0x08000244                HardFault_Handler
                0x08000244                DMA1_Stream5_IRQHandler
                0x08000244                SysTick_Handler
                0x08000244                PVD_IRQHandler
                0x08000244                SDIO_IRQHandler
                0x08000244                TAMP_STAMP_IRQHandler
                0x08000244                PendSV_Handler
                0x08000244                NMI_Handler
                0x08000244                CAN2_RX1_IRQHandler
                0x08000244                EXTI3_IRQHandler
                0x08000244                TIM8_TRG_COM_TIM14_IRQHandler
                0x08000244                TIM1_UP_TIM10_IRQHandler
                0x08000244                TIM8_UP_TIM13_IRQHandler
                0x08000244                I2C3_ER_IRQHandler
                0x08000244                EXTI0_IRQHandler
                0x08000244                I2C2_EV_IRQHandler
                0x08000244                DMA1_Stream2_IRQHandler
                0x08000244                CAN1_RX0_IRQHandler
                0x08000244                FPU_IRQHandler
                0x08000244                OTG_HS_WKUP_IRQHandler
                0x08000244                UsageFault_Handler
                0x08000244                CAN2_SCE_IRQHandler
                0x08000244                DMA2_Stream2_IRQHandler
                0x08000244                SPI1_IRQHandler
                0x08000244                TIM6_DAC_IRQHandler
                0x08000244                TIM1_BRK_TIM9_IRQHandler
                0x08000244                DCMI_IRQHandler
                0x08000244                CAN2_RX0_IRQHandler
                0x08000244                DMA2_Stream3_IRQHandler
                0x08000244                SAI2_IRQHandler
                0x08000244                USART6_IRQHandler
                0x08000244                TIM1_TRG_COM_TIM11_IRQHandl
                0x08000244                USART3_IRQHandler
                0x08000244                SAI1_IRQHandler
                0x08000244                CAN1_RX1_IRQHandler
                0x08000244                UART5_IRQHandler
                0x08000244                DMA2_Stream0_IRQHandler
                0x08000244                TIM4_IRQHandler
                0x08000244                QUADSPI_IRQHandler
                0x08000244                I2C1_EV_IRQHandler
                0x08000244                DMA1_Stream6_IRQHandler
                0x08000244                DMA1_Stream1_IRQHandler
                0x08000244                UART4_IRQHandler
                0x08000244                TIM3_IRQHandler
                0x08000244                RCC_IRQHandler
                0x08000244                TIM8_BRK_TIM12_IRQHandler
                0x08000244                Default_Handler
                0x08000244                CEC_IRQHandler
                0x08000244                EXTI15_10_IRQHandler
                0x08000244                ADC_IRQHandler
                0x08000244                DMA1_Stream7_IRQHandler
                0x08000244                TIM7_IRQHandler
                0x08000244                CAN2_TX_IRQHandler
                0x08000244                TIM5_IRQHandler
                0x08000244                DMA2_Stream7_IRQHandler
                0x08000244                I2C3_EV_IRQHandler
                0x08000244                EXTI9_5_IRQHandler
                0x08000244                RTC_WKUP_IRQHandler
                0x08000244                SPDIF_RX_IRQHandler
                0x08000244                SPI2_IRQHandler
                0x08000244                OTG_HS_EP1_IN_IRQHandler
                0x08000244                MemManage_Handler
                0x08000244                DMA1_Stream0_IRQHandler
                0x08000244                CAN1_TX_IRQHandler
                0x08000244                SVC_Handler
                0x08000244                FMPI2C1_ER_IRQHandler
                0x08000244                EXTI4_IRQHandler
                0x08000244                OTG_HS_EP1_OUT_IRQHandler
                0x08000244                WWDG_IRQHandler
                0x08000244                TIM2_IRQHandler
                0x08000244                OTG_FS_WKUP_IRQHandler
                0x08000244                TIM1_TRG_COM_TIM11_IRQHandler
                0x08000244                OTG_HS_IRQHandler
                0x08000244                EXTI1_IRQHandler
                0x08000244                USART2_IRQHandler
                0x08000244                I2C2_ER_IRQHandler
                0x08000244                DMA2_Stream1_IRQHandler
                0x08000244                CAN1_SCE_IRQHandler
                0x08000244                FLASH_IRQHandler
                0x08000244                DMA2_Stream4_IRQHandler
                0x08000244                BusFault_Handler
                0x08000244                USART1_IRQHandler
                0x08000244                OTG_FS_IRQHandler
                0x08000244                SPI3_IRQHandler
                0x08000244                DMA1_Stream4_IRQHandler
                0x08000244                I2C1_ER_IRQHandler
                0x08000244                FMC_IRQHandler
                0x08000244                DMA2_Stream6_IRQHandler
                0x08000244                DMA1_Stream3_IRQHandler
                0x0800024a                Reset_Handler
 .text          0x080002b4      0x47c main.o
                0x080002b4                clock_init
                0x080002dc                wait_ms
                0x08000316                My_String
                0x0800033a                intToStr
                0x08000414                main
                0x0800044c                push_init
                0x08000470                motors_init
                0x080004e8                led_init
                0x08000564                motor_display
 .text          0x08000730      0x43c Stm32_F103C6_GPIO.o
                0x08000730                Get_Bit_Location
                0x0800089e                MCAL_GPIO_Init
                0x08000996                MCAL_GPIO_DeInit
                0x08000a68                MCAL_GPIO_ReadPin
                0x08000a96                MCAL_GPIO_ReadPort
                0x08000ab0                MCAL_GPIO_WritePort
                0x08000acc                MCAL_GPIO_WritePin
                0x08000afa                MCAL_GPIO_TogglePin
                0x08000b1c                MCAL_GPIO_LockPin
 .text          0x08000b6c      0x408 lcd.o
                0x08000ba6                LCD_GPIO_init
                0x08000d00                lcd_is_busy
                0x08000dd8                lcd_kick
                0x08000e04                lcd_send_command
                0x08000e48                lcd_init
                0x08000e7c                lcd_send_char
                0x08000ec0                lcd_send_string
                0x08000f1a                lcd_set_position
                0x08000f64                lcd_clear
                0x08000f74                        _etext = .
                0x08000f74                        . = ALIGN (0x4)

.glue_7         0x08000f74        0x0
 .glue_7        0x08000f74        0x0 linker stubs

.glue_7t        0x08000f74        0x0
 .glue_7t       0x08000f74        0x0 linker stubs

.vfp11_veneer   0x08000f74        0x0
 .vfp11_veneer  0x08000f74        0x0 linker stubs

.v4_bx          0x08000f74        0x0
 .v4_bx         0x08000f74        0x0 linker stubs

.iplt           0x08000f74        0x0
 .iplt          0x08000f74        0x0 startup.o

.rel.dyn        0x08000f74        0x0
 .rel.iplt      0x08000f74        0x0 startup.o

.data           0x20000000        0x0 load address 0x08000f74
                0x20000000                        _sdata = .
 *(.data)
 .data          0x20000000        0x0 startup.o
 .data          0x20000000        0x0 main.o
 .data          0x20000000        0x0 Stm32_F103C6_GPIO.o
 .data          0x20000000        0x0 lcd.o
                0x20000000                        _edata = .
                0x20000000                        . = ALIGN (0x4)

.igot.plt       0x20000000        0x0 load address 0x08000f74
 .igot.plt      0x20000000        0x0 startup.o

.bss            0x20000000       0x10 load address 0x08000f74
                0x20000000                        _sbss = .
 *(.bss)
 .bss           0x20000000        0x0 startup.o
 .bss           0x20000000        0xc main.o
                0x20000000                PinCfg_motor
                0x20000004                PinCfg_push_1
                0x20000008                PinCfg_led
 .bss           0x2000000c        0x0 Stm32_F103C6_GPIO.o
 .bss           0x2000000c        0x4 lcd.o
                0x2000000c                PinCfg
                0x20000010                        _ebss = .
                0x20000010                        . = ALIGN (0x4)
OUTPUT(executable.elf elf32-littlearm)
LOAD linker stubs

.comment        0x00000000       0x44
 .comment       0x00000000       0x44 startup.o
                                 0x45 (size before relaxing)
 .comment       0x00000044       0x45 main.o
 .comment       0x00000044       0x45 Stm32_F103C6_GPIO.o
 .comment       0x00000044       0x45 lcd.o

.ARM.attributes
                0x00000000       0x2d
 .ARM.attributes
                0x00000000       0x2d startup.o
 .ARM.attributes
                0x0000002d       0x2d main.o
 .ARM.attributes
                0x0000005a       0x2d Stm32_F103C6_GPIO.o
 .ARM.attributes
                0x00000087       0x2d lcd.o
