
There are no discarded input sections

Memory Configuration

Name             Origin             Length             Attributes
FLASH            0x08000000         0x00080000         xr
SRAM             0x20000000         0x00020000         xrw
*default*        0x00000000         0xffffffff

Linker script and memory map

LOAD startup.o
LOAD main.o
LOAD GPIO_Prog.o
LOAD RCC_Prog.o
LOAD SysTick.o

.text           0x08000000      0xeac
 *(.isr_vector)
 .isr_vector    0x08000000      0x1c4 startup.o
                0x08000000                Vectors
 *(.rodata)
 *(.text)
 .text          0x080001c4       0x70 startup.o
                0x080001c4                RTC_Alarm_IRQHandler
                0x080001c4                EXTI2_IRQHandler
                0x080001c4                TIM8_CC_IRQHandler
                0x080001c4                DebugMon_Handler
                0x080001c4                FMPI2C1_EV_IRQHandler
                0x080001c4                SPI4_IRQHandler
                0x080001c4                TIM1_CC_IRQHandler
                0x080001c4                DMA2_Stream5_IRQHandler
                0x080001c4                HardFault_Handler
                0x080001c4                DMA1_Stream5_IRQHandler
                0x080001c4                PVD_IRQHandler
                0x080001c4                SDIO_IRQHandler
                0x080001c4                TAMP_STAMP_IRQHandler
                0x080001c4                PendSV_Handler
                0x080001c4                NMI_Handler
                0x080001c4                CAN2_RX1_IRQHandler
                0x080001c4                EXTI3_IRQHandler
                0x080001c4                TIM8_TRG_COM_TIM14_IRQHandler
                0x080001c4                TIM1_UP_TIM10_IRQHandler
                0x080001c4                TIM8_UP_TIM13_IRQHandler
                0x080001c4                I2C3_ER_IRQHandler
                0x080001c4                EXTI0_IRQHandler
                0x080001c4                I2C2_EV_IRQHandler
                0x080001c4                DMA1_Stream2_IRQHandler
                0x080001c4                CAN1_RX0_IRQHandler
                0x080001c4                FPU_IRQHandler
                0x080001c4                OTG_HS_WKUP_IRQHandler
                0x080001c4                UsageFault_Handler
                0x080001c4                CAN2_SCE_IRQHandler
                0x080001c4                DMA2_Stream2_IRQHandler
                0x080001c4                SPI1_IRQHandler
                0x080001c4                TIM6_DAC_IRQHandler
                0x080001c4                TIM1_BRK_TIM9_IRQHandler
                0x080001c4                DCMI_IRQHandler
                0x080001c4                CAN2_RX0_IRQHandler
                0x080001c4                DMA2_Stream3_IRQHandler
                0x080001c4                SAI2_IRQHandler
                0x080001c4                USART6_IRQHandler
                0x080001c4                TIM1_TRG_COM_TIM11_IRQHandl
                0x080001c4                USART3_IRQHandler
                0x080001c4                SAI1_IRQHandler
                0x080001c4                CAN1_RX1_IRQHandler
                0x080001c4                UART5_IRQHandler
                0x080001c4                DMA2_Stream0_IRQHandler
                0x080001c4                TIM4_IRQHandler
                0x080001c4                QUADSPI_IRQHandler
                0x080001c4                I2C1_EV_IRQHandler
                0x080001c4                DMA1_Stream6_IRQHandler
                0x080001c4                DMA1_Stream1_IRQHandler
                0x080001c4                UART4_IRQHandler
                0x080001c4                TIM3_IRQHandler
                0x080001c4                RCC_IRQHandler
                0x080001c4                TIM8_BRK_TIM12_IRQHandler
                0x080001c4                Default_Handler
                0x080001c4                CEC_IRQHandler
                0x080001c4                EXTI15_10_IRQHandler
                0x080001c4                ADC_IRQHandler
                0x080001c4                DMA1_Stream7_IRQHandler
                0x080001c4                TIM7_IRQHandler
                0x080001c4                CAN2_TX_IRQHandler
                0x080001c4                TIM5_IRQHandler
                0x080001c4                DMA2_Stream7_IRQHandler
                0x080001c4                I2C3_EV_IRQHandler
                0x080001c4                EXTI9_5_IRQHandler
                0x080001c4                RTC_WKUP_IRQHandler
                0x080001c4                SPDIF_RX_IRQHandler
                0x080001c4                SPI2_IRQHandler
                0x080001c4                OTG_HS_EP1_IN_IRQHandler
                0x080001c4                MemManage_Handler
                0x080001c4                DMA1_Stream0_IRQHandler
                0x080001c4                CAN1_TX_IRQHandler
                0x080001c4                SVC_Handler
                0x080001c4                FMPI2C1_ER_IRQHandler
                0x080001c4                EXTI4_IRQHandler
                0x080001c4                OTG_HS_EP1_OUT_IRQHandler
                0x080001c4                WWDG_IRQHandler
                0x080001c4                TIM2_IRQHandler
                0x080001c4                OTG_FS_WKUP_IRQHandler
                0x080001c4                TIM1_TRG_COM_TIM11_IRQHandler
                0x080001c4                OTG_HS_IRQHandler
                0x080001c4                EXTI1_IRQHandler
                0x080001c4                USART2_IRQHandler
                0x080001c4                I2C2_ER_IRQHandler
                0x080001c4                DMA2_Stream1_IRQHandler
                0x080001c4                CAN1_SCE_IRQHandler
                0x080001c4                FLASH_IRQHandler
                0x080001c4                DMA2_Stream4_IRQHandler
                0x080001c4                BusFault_Handler
                0x080001c4                USART1_IRQHandler
                0x080001c4                OTG_FS_IRQHandler
                0x080001c4                SPI3_IRQHandler
                0x080001c4                DMA1_Stream4_IRQHandler
                0x080001c4                I2C1_ER_IRQHandler
                0x080001c4                FMC_IRQHandler
                0x080001c4                DMA2_Stream6_IRQHandler
                0x080001c4                DMA1_Stream3_IRQHandler
                0x080001ca                Reset_Handler
 .text          0x08000234       0x40 main.o
                0x08000234                main
 .text          0x08000274      0x4ac GPIO_Prog.o
                0x08000274                GPIO_u8PinInit
                0x08000498                GPIO_u8SetPinValue
                0x08000578                GPIO_u8TogglePinValue
                0x08000644                GPIO_u8ReadPinValue
 .text          0x08000720      0x5b8 RCC_Prog.o
                0x08000720                RCC_SetSysClock
                0x08000760                RCC_SetClockStatus
                0x08000980                RCC_PLLMConfig
                0x08000a44                RCC_AHBConfig
                0x08000a84                RCC_APBConfig
                0x08000ae4                RCC_AHB1EnableClock
                0x08000b14                RCC_AHB1DisableClock
                0x08000b48                RCC_AHB2EnableClock
                0x08000b78                RCC_AHB2DisableClock
                0x08000bac                RCC_AHB3EnableClock
                0x08000bdc                RCC_AHB3DisableClock
                0x08000c10                RCC_APB1EnableClock
                0x08000c40                RCC_APB1DisableClock
                0x08000c74                RCC_APB2EnableClock
                0x08000ca4                RCC_APB2DisableClock
 .text          0x08000cd8      0x1d4 SysTick.o
                0x08000cd8                SysTick_Init
                0x08000d38                SysTick_Delayus
                0x08000dac                SysTick_Delayms
                0x08000dcc                SysTick_InterruptTimer_ms
                0x08000e40                SysTick_DisableInterrupt
                0x08000e5c                Systick_InterruptSetCallBack
                0x08000e90                SysTick_Handler
                0x08000eac                        _etext = .
                0x08000eac                        . = ALIGN (0x4)

.glue_7         0x08000eac        0x0
 .glue_7        0x08000eac        0x0 linker stubs

.glue_7t        0x08000eac        0x0
 .glue_7t       0x08000eac        0x0 linker stubs

.vfp11_veneer   0x08000eac        0x0
 .vfp11_veneer  0x08000eac        0x0 linker stubs

.v4_bx          0x08000eac        0x0
 .v4_bx         0x08000eac        0x0 linker stubs

.iplt           0x08000eac        0x0
 .iplt          0x08000eac        0x0 startup.o

.rel.dyn        0x08000eac        0x0
 .rel.iplt      0x08000eac        0x0 startup.o

.data           0x20000000        0x0 load address 0x08000eac
                0x20000000                        _sdata = .
 *(.data)
 .data          0x20000000        0x0 startup.o
 .data          0x20000000        0x0 main.o
 .data          0x20000000        0x0 GPIO_Prog.o
 .data          0x20000000        0x0 RCC_Prog.o
 .data          0x20000000        0x0 SysTick.o
                0x20000000                        _edata = .
                0x20000000                        . = ALIGN (0x4)

.igot.plt       0x20000000        0x0 load address 0x08000eac
 .igot.plt      0x20000000        0x0 startup.o

.bss            0x20000000        0x8 load address 0x08000eac
                0x20000000                        _sbss = .
 *(.bss)
 .bss           0x20000000        0x0 startup.o
 .bss           0x20000000        0x0 main.o
 .bss           0x20000000        0x0 GPIO_Prog.o
 .bss           0x20000000        0x0 RCC_Prog.o
 .bss           0x20000000        0x8 SysTick.o
                0x20000008                        _ebss = .
                0x20000008                        . = ALIGN (0x4)
OUTPUT(executable.elf elf32-littlearm)
LOAD linker stubs

.comment        0x00000000       0x44
 .comment       0x00000000       0x44 startup.o
                                 0x45 (size before relaxing)
 .comment       0x00000044       0x45 main.o
 .comment       0x00000044       0x45 GPIO_Prog.o
 .comment       0x00000044       0x45 RCC_Prog.o
 .comment       0x00000044       0x45 SysTick.o

.ARM.attributes
                0x00000000       0x2e
 .ARM.attributes
                0x00000000       0x2e startup.o
 .ARM.attributes
                0x0000002e       0x2e main.o
 .ARM.attributes
                0x0000005c       0x2e GPIO_Prog.o
 .ARM.attributes
                0x0000008a       0x2e RCC_Prog.o
 .ARM.attributes
                0x000000b8       0x2e SysTick.o
